[regen] 25 malformed records across 3 splits
   split_dev.jsonl    Logical Reasoning      IMG OK  '**Rewritten Question:**'
   split_dev.jsonl    Logical Reasoning      IMG OK  '**Rewritten Question:**'
   split_dev.jsonl    Logical Reasoning      IMG OK  '**Rewritten Question:**'
   split_dev.jsonl    Logical Reasoning      IMG OK  '**Rewritten Question:**'
   split_test.jsonl   Logical Reasoning      IMG OK  '**Question:**'
   split_test.jsonl   Logical Reasoning      IMG OK  '**Question:**'
   split_test.jsonl   Logical Reasoning      IMG OK  '**Rewritten Question:**'
   split_test.jsonl   Logical Reasoning      IMG OK  '**Rewritten Question:**'
   split_train.jsonl  Logical Reasoning      IMG OK  '**Reinforcing Steel Notes**:'
   split_train.jsonl  Logical Reasoning      IMG OK  '**Rewritten Question:**'
   split_train.jsonl  Logical Reasoning      IMG OK  '**Question:**'
   split_train.jsonl  Logical Reasoning      IMG OK  '**Question:**'
   split_train.jsonl  Logical Reasoning      IMG OK  '**Rewritten Question:**'
   split_train.jsonl  Logical Reasoning      IMG OK  '**Rewritten Question:**'
   split_train.jsonl  Logical Reasoning      IMG OK  '**Rewritten question:**'
   split_train.jsonl  Logical Reasoning      IMG OK  '**Rewritten Question:**'
   split_train.jsonl  Logical Reasoning      IMG OK  '**Rewritten Question:**'
   split_train.jsonl  Logical Reasoning      IMG OK  '**Rewritten Question:**'
   split_train.jsonl  Logical Reasoning      IMG OK  '**Rewritten Question:**'
   split_train.jsonl  Logical Reasoning      IMG OK  '**Rewritten Question:**'
   split_train.jsonl  Logical Reasoning      IMG OK  '**Rewritten Question:**'
   split_train.jsonl  Logical Reasoning      IMG OK  '**Rewritten Question:**'
   split_train.jsonl  Logical Reasoning      IMG OK  '**Rewritten Question:**'
   split_train.jsonl  Logical Reasoning      IMG OK  'For placement of RPMs, see N'
   split_train.jsonl  Logical Reasoning      IMG OK  '**Rewritten Question:**'
  [1/25] Logical Reasoning      What minimum thickness of asphalt concrete is required for staked 
  [2/25] Logical Reasoning      What does the note "Curb Type F Flare When Existing Curb of Approa
  [3/25] Logical Reasoning      What is the minimum distance from an open joint or transition that
  [4/25] Logical Reasoning      What does the general note require regarding the color of the traf
  [5/25] Logical Reasoning      What does the Midwest Guardrail System - Typical Layouts for Emban
  [6/25] Logical Reasoning      What is the wind velocity for which the electrical systems signal 
  [7/25] Logical Reasoning      What does Note 2 require regarding the spacing of Bars 5V2 and 5U4
  [8/25] Logical Reasoning      What is the minimum cover for all reinforcing steel at expansion j
  [9/25] Logical Reasoning      What is the minimum cover required for all reinforcing steel at th
  [10/25] Logical Reasoning      What is the total area for a 30x30 size sign with a pedestrian sym
  [11/25] Logical Reasoning      What does the installation of OVERHEAD SIGNS - TUBULAR, SINGLE POS
  [12/25] Logical Reasoning      What does S102 require for OVERHEAD SIGNS - VERSATILE TRUSS, ONE P
  [13/25] Logical Reasoning      What does the design specification for "Earth pressure for two con
  [14/25] Logical Reasoning      What is the maximum number of conduits allowed in front of half th
  [15/25] Logical Reasoning      What does Note 1 require for the exterior mounting brackets in rel
  [16/25] Logical Reasoning      What does Option 3 for overhead work adjacent to an open traffic l
  [17/25] Logical Reasoning      What does Note 12 require regarding the installation of reinforcin
  [18/25] Logical Reasoning      When does the Alternate Base Plate Detail apply according to the r
  [19/25] Logical Reasoning      What does Note 2 require for the lower 3' portion of the open join
  [20/25] Logical Reasoning      What is the minimum density of the monolithic concrete as determin
  [21/25] Logical Reasoning      What does the note "SEE INDEX 521-405 OR 521-482 - SCHEME 1" sugge
  [22/25] Logical Reasoning      What does the Aluminum Column (Post) Selection Table require for a
  [23/25] Logical Reasoning      What is the required border size for the FTP-207A-25 sign accordin
  [24/25] Logical Reasoning      When may lane widths (X) differ for each lane in the section accor
  [25/25] Logical Reasoning      What additional shaft depth is required for a 4-0" shaft diameter 
[regen] verifier passed 20/25
  wrote 4 regenerated questions -> /cluster/medbow/project/gr-wydot-chatbot/copalirag/plansightrag/data/splits/split_dev.jsonl
  wrote 4 regenerated questions -> /cluster/medbow/project/gr-wydot-chatbot/copalirag/plansightrag/data/splits/split_test.jsonl
  wrote 17 regenerated questions -> /cluster/medbow/project/gr-wydot-chatbot/copalirag/plansightrag/data/splits/split_train.jsonl
[regen] done. `query` is unchanged, so all published metrics still reproduce.
